pages/dashboard.tsx(216,38): error TS2339: Property 'completedModules' does not exist on type 'UserProgress | { level: number; totalPoints: number; streaks: { loginStreak: number; learningStreak: number; }; badges: { id: string; name: string; description: string; icon: string; earnedAt: string; }[]; completedModules: number; totalTime: number; }'.
  Property 'completedModules' does not exist on type 'UserProgress'.
