
> frontend@1.0.0 type-check
> tsc --noEmit

components/learning/PersonalizedLearningDashboard.tsx(269,28): error TS2339: Property 'slice' does not exist on type '{ content: never[]; isLoading: boolean; }'.
components/learning/PersonalizedLearningDashboard.tsx(269,45): error TS7006: Parameter 'content' implicitly has an 'any' type.
components/learning/PersonalizedLearningDashboard.tsx(269,54): error TS7006: Parameter 'index' implicitly has an 'any' type.
components/learning/PersonalizedLearningDashboard.tsx(315,26): error TS2339: Property 'length' does not exist on type '{ content: never[]; isLoading: boolean; }'.
components/learning/PersonalizedLearningDashboard.tsx(318,41): error TS2339: Property 'length' does not exist on type '{ content: never[]; isLoading: boolean; }'.
components/learning/PersonalizedLearningDashboard.tsx(339,26): error TS2339: Property 'totalPoints' does not exist on type '{ stats: { totalTimeSpent: number; modulesCompleted: number; averageScore: number; completedLessons: number; totalLessons: number; totalPoints: number; streakDays: number; }; isLoading: boolean; }'.
components/learning/PersonalizedLearningDashboard.tsx(349,26): error TS2339: Property 'currentStreak' does not exist on type '{ stats: { totalTimeSpent: number; modulesCompleted: number; averageScore: number; completedLessons: number; totalLessons: number; totalPoints: number; streakDays: number; }; isLoading: boolean; }'.
components/learning/PersonalizedLearningDashboard.tsx(359,26): error TS2339: Property 'progressPercentage' does not exist on type '{ stats: { totalTimeSpent: number; modulesCompleted: number; averageScore: number; completedLessons: number; totalLessons: number; totalPoints: number; streakDays: number; }; isLoading: boolean; }'.
components/learning/PersonalizedLearningDashboard.tsx(367,31): error TS2339: Property 'recommendedContent' does not exist on type '{ recommendations: never[]; nudgeMessage: null; confidenceScore: number; priorityScore: number; isLoading: boolean; }'.
components/learning/PersonalizedLearningDashboard.tsx(375,38): error TS2339: Property 'recommendedContent' does not exist on type '{ recommendations: never[]; nudgeMessage: null; confidenceScore: number; priorityScore: number; isLoading: boolean; }'.
components/learning/PersonalizedLearningDashboard.tsx(377,26): error TS7006: Parameter 'content' implicitly has an 'any' type.
components/learning/PersonalizedLearningDashboard.tsx(397,71): error TS2339: Property 'reasoning' does not exist on type '{ recommendations: never[]; nudgeMessage: null; confidenceScore: number; priorityScore: number; isLoading: boolean; }'.
components/ModalSystem.tsx(204,36): error TS2322: Type 'ExoticComponent<{ children?: ReactNode; }>' is not assignable to type 'ElementType | undefined'.
  Type 'ExoticComponent<{ children?: ReactNode; }>' is not assignable to type 'FunctionComponent<any>'.
    Type 'ReactNode' is not assignable to type 'ReactElement<any, ComponentType<any>> | null'.
      Type 'undefined' is not assignable to type 'ReactElement<any, ComponentType<any>> | null'.
components/ModalSystem.tsx(213,11): error TS2322: Type 'ExoticComponent<{ children?: ReactNode; }>' is not assignable to type 'ElementType | undefined'.
  Type 'ExoticComponent<{ children?: ReactNode; }>' is not assignable to type 'FunctionComponent<any>'.
    Type 'ReactNode' is not assignable to type 'ReactElement<any, ComponentType<any>> | null'.
      Type 'undefined' is not assignable to type 'ReactElement<any, ComponentType<any>> | null'.
components/ModalSystem.tsx(233,15): error TS2322: Type 'ExoticComponent<{ children?: ReactNode; }>' is not assignable to type 'ElementType | undefined'.
  Type 'ExoticComponent<{ children?: ReactNode; }>' is not assignable to type 'FunctionComponent<any>'.
    Type 'ReactNode' is not assignable to type 'ReactElement<any, ComponentType<any>> | null'.
      Type 'undefined' is not assignable to type 'ReactElement<any, ComponentType<any>> | null'.
components/NotificationSystem.tsx(15,41): error TS2307: Cannot find module '../store' or its corresponding type declarations.
components/NotificationSystem.tsx(16,30): error TS2307: Cannot find module '../store/types' or its corresponding type declarations.
components/NotificationSystem.tsx(110,42): error TS7006: Parameter 'action' implicitly has an 'any' type.
components/NotificationSystem.tsx(110,50): error TS7006: Parameter 'index' implicitly has an 'any' type.
components/NotificationSystem.tsx(148,28): error TS7006: Parameter 'notification' implicitly has an 'any' type.
components/onboarding/OnboardingFlow.tsx(90,37): error TS2345: Argument of type '{ riskProfile: string; investmentGoals: string[]; timeHorizon: string; learningStyle: string; preferredTopics: string[]; }' is not assignable to parameter of type 'OnboardingProfileData'.
  Type '{ riskProfile: string; investmentGoals: string[]; timeHorizon: string; learningStyle: string; preferredTopics: string[]; }' is missing the following properties from type 'OnboardingProfileData': name, email, experience, goals
components/onboarding/OnboardingFlow.tsx(385,21): error TS18047: 'user' is possibly 'null'.
components/onboarding/OnboardingFlow.tsx(385,26): error TS2339: Property 'id' does not exist on type 'User'.
components/onboarding/VarkAssessment.tsx(99,89): error TS2352: Conversion of type 'string' to type 'Error' may be a mistake because neither type sufficiently overlaps with the other. If this was intentional, convert the expression to 'unknown' first.
components/onboarding/VarkAssessment.tsx(129,95): error TS2352: Conversion of type 'string' to type 'Error' may be a mistake because neither type sufficiently overlaps with the other. If this was intentional, convert the expression to 'unknown' first.
components/PortfolioMonitor.tsx(195,21): error TS2362: The left-hand side of an arithmetic operation must be of type 'any', 'number', 'bigint' or an enum type.
components/PortfolioMonitor.tsx(203,40): error TS2339: Property 'toFixed' does not exist on type 'string | number | true'.
  Property 'toFixed' does not exist on type 'string'.
components/PortfolioMonitor.tsx(211,45): error TS2339: Property 'toFixed' does not exist on type 'string | number | true'.
  Property 'toFixed' does not exist on type 'string'.
components/PortfolioMonitor.tsx(219,21): error TS2362: The left-hand side of an arithmetic operation must be of type 'any', 'number', 'bigint' or an enum type.
components/ProfileForm.tsx(4,41): error TS2307: Cannot find module '../lib/validationSchemas' or its corresponding type declarations.
components/ProfileForm.tsx(90,74): error TS2339: Property 'data' does not exist on type '{}'.
components/ProfileForm.tsx(91,29): error TS2339: Property 'data' does not exist on type '{}'.
components/RiskAssessmentForm.tsx(69,65): error TS2345: Argument of type '{ age: string; gender: string; marital_status: string; employment_status: string; is_retired: boolean; region: string; is_immigrant: boolean; income: string; assets: string; liabilities: string; ... 9 more ...; primary_goal: string; }' is not assignable to parameter of type 'Partial<RiskAssessmentData> | (() => Partial<RiskAssessmentData>)'.
  Type '{ age: string; gender: string; marital_status: string; employment_status: string; is_retired: boolean; region: string; is_immigrant: boolean; income: string; assets: string; liabilities: string; ... 9 more ...; primary_goal: string; }' is not assignable to type 'Partial<RiskAssessmentData>'.
    Types of property 'age' are incompatible.
      Type 'string' is not assignable to type 'number'.
components/RiskAssessmentForm.tsx(87,14): error TS2345: Argument of type '{ age: number; income: number; assets: number; liabilities: number; expenses: number; credit_score: number; investment_experience: number; risk_tolerance: number; market_volatility: number; ... 10 more ...; primary_goal?: string | undefined; }' is not assignable to parameter of type 'RiskAssessmentData'.
  Types of property 'gender' are incompatible.
    Type 'string | undefined' is not assignable to type 'string'.
      Type 'undefined' is not assignable to type 'string'.
components/StateProvider.tsx(7,68): error TS2307: Cannot find module '../store' or its corresponding type declarations.
components/StateProvider.tsx(8,55): error TS2307: Cannot find module '../store' or its corresponding type declarations.
hooks/useGamification.ts(293,26): error TS2352: Conversion of type '{ points: number; badge: string; } | { points: number; badge: string; } | { points: number; badge: string; } | { points: number; badge: string; } | { points: number; badge: string; }' to type '{ badge?: Badge | undefined; points?: number | undefined; }' may be a mistake because neither type sufficiently overlaps with the other. If this was intentional, convert the expression to 'unknown' first.
  Type '{ points: number; badge: string; }' is not comparable to type '{ badge?: Badge | undefined; points?: number | undefined; }'.
    Types of property 'badge' are incompatible.
      Type 'string' is not comparable to type 'Badge'.
hooks/useGamification.ts(304,35): error TS2339: Property 'title' does not exist on type '{ id: string; name: string; description: string; target: number; reward: { points: number; badge: string; }; } | { id: string; name: string; description: string; target: number; reward: { points: number; badge: string; }; } | { ...; } | { ...; } | { ...; }'.
  Property 'title' does not exist on type '{ id: string; name: string; description: string; target: number; reward: { points: number; badge: string; }; }'.
hooks/useGamification.ts(308,13): error TS2741: Property 'isUnlocked' is missing in type 'Omit<Badge, "isUnlocked" | "unlockedAt">' but required in type 'Badge'.
hooks/useNudgeApi.ts(8,5): error TS2687: All declarations of 'user' must have identical modifiers.
hooks/useNudgeApi.ts(8,5): error TS2717: Subsequent property declarations must have the same type.  Property 'user' must be of type '{ id: string; name?: string | undefined; email?: string | undefined; image?: string | undefined; accessToken?: string | undefined; }', but here has type '{ id?: string | undefined; accessToken?: string | undefined; name?: string | null | undefined; email?: string | null | undefined; image?: string | null | undefined; } | undefined'.
pages/api/auth/[...nextauth].ts(5,16): error TS2349: This expression is not callable.
  Type 'typeof import("next-auth")' has no call signatures.
pages/api/auth/[...nextauth].ts(27,25): error TS7031: Binding element 'session' implicitly has an 'any' type.
pages/api/auth/_log.ts(1,31): error TS2305: Module '"next"' has no exported member 'NextApiResponse'.
pages/api/demo/portfolio.ts(1,26): error TS2305: Module '"next"' has no exported member 'NextApiResponse'.
pages/api/demo/portfolio.ts(4,11): error TS2339: Property 'method' does not exist on type 'NextApiRequest'.
pages/api/feature-flags.ts(1,31): error TS2305: Module '"next"' has no exported member 'NextApiResponse'.
pages/dashboard.tsx(323,28): error TS2678: Type '"aural"' is not comparable to type '"visual"'.
pages/dashboard.tsx(325,28): error TS2678: Type '"read_write"' is not comparable to type '"visual"'.
pages/dashboard.tsx(327,28): error TS2678: Type '"kinesthetic"' is not comparable to type '"visual"'.
pages/index.tsx(268,28): error TS2769: No overload matches this call.
  Overload 1 of 2, '(props: PropsWithChildren<MechanicaCardProps>, context?: unknown): ReactElement<PropsWithChildren<MechanicaCardProps>, ComponentType<...>> | null', gave the following error.
    Type '"steel"' is not assignable to type '"mechanical" | "wood" | "brass" | "default" | "dark" | "light" | undefined'.
  Overload 2 of 2, '(props: MechanicaCardProps, context?: any): ReactNode', gave the following error.
    Type '"steel"' is not assignable to type '"mechanical" | "wood" | "brass" | "default" | "dark" | "light" | undefined'.
pages/portfolio-monitor.tsx(111,46): error TS2769: No overload matches this call.
  Overload 1 of 2, '(props: PropsWithChildren<MechanicaCardProps>, context?: unknown): ReactElement<PropsWithChildren<MechanicaCardProps>, ComponentType<...>> | null', gave the following error.
    Type '{ children: Element; variant: "default"; hover: true; }' is not assignable to type 'IntrinsicAttributes & MechanicaCardProps & { children?: ReactNode; }'.
      Property 'hover' does not exist on type 'IntrinsicAttributes & MechanicaCardProps & { children?: ReactNode; }'.
  Overload 2 of 2, '(props: MechanicaCardProps, context?: any): ReactNode', gave the following error.
    Type '{ children: Element; variant: "default"; hover: true; }' is not assignable to type 'IntrinsicAttributes & MechanicaCardProps'.
      Property 'hover' does not exist on type 'IntrinsicAttributes & MechanicaCardProps'.
pages/portfolio-monitor.tsx(124,43): error TS2769: No overload matches this call.
  Overload 1 of 2, '(props: PropsWithChildren<MechanicaCardProps>, context?: unknown): ReactElement<PropsWithChildren<MechanicaCardProps>, ComponentType<...>> | null', gave the following error.
    Type '{ children: Element; variant: "wood"; hover: true; }' is not assignable to type 'IntrinsicAttributes & MechanicaCardProps & { children?: ReactNode; }'.
      Property 'hover' does not exist on type 'IntrinsicAttributes & MechanicaCardProps & { children?: ReactNode; }'.
  Overload 2 of 2, '(props: MechanicaCardProps, context?: any): ReactNode', gave the following error.
    Type '{ children: Element; variant: "wood"; hover: true; }' is not assignable to type 'IntrinsicAttributes & MechanicaCardProps'.
      Property 'hover' does not exist on type 'IntrinsicAttributes & MechanicaCardProps'.
pages/portfolio-monitor.tsx(137,49): error TS2769: No overload matches this call.
  Overload 1 of 2, '(props: PropsWithChildren<MechanicaCardProps>, context?: unknown): ReactElement<PropsWithChildren<MechanicaCardProps>, ComponentType<...>> | null', gave the following error.
    Type '{ children: Element; variant: "mechanical"; hover: true; }' is not assignable to type 'IntrinsicAttributes & MechanicaCardProps & { children?: ReactNode; }'.
      Property 'hover' does not exist on type 'IntrinsicAttributes & MechanicaCardProps & { children?: ReactNode; }'.
  Overload 2 of 2, '(props: MechanicaCardProps, context?: any): ReactNode', gave the following error.
    Type '{ children: Element; variant: "mechanical"; hover: true; }' is not assignable to type 'IntrinsicAttributes & MechanicaCardProps'.
      Property 'hover' does not exist on type 'IntrinsicAttributes & MechanicaCardProps'.
pages/profile.tsx(225,68): error TS2352: Conversion of type 'string' to type 'Error' may be a mistake because neither type sufficiently overlaps with the other. If this was intentional, convert the expression to 'unknown' first.
pages/profile.tsx(401,29): error TS2769: No overload matches this call.
  Overload 1 of 2, '(props: PropsWithChildren<MechanicaInputProps>, context?: unknown): ReactElement<PropsWithChildren<MechanicaInputProps>, ComponentType<...>> | null', gave the following error.
    Type 'number' is not assignable to type 'string'.
  Overload 2 of 2, '(props: MechanicaInputProps, context?: any): ReactNode', gave the following error.
    Type 'number' is not assignable to type 'string'.
pages/profile.tsx(420,29): error TS2769: No overload matches this call.
  Overload 1 of 2, '(props: PropsWithChildren<MechanicaInputProps>, context?: unknown): ReactElement<PropsWithChildren<MechanicaInputProps>, ComponentType<...>> | null', gave the following error.
    Type 'number' is not assignable to type 'string'.
  Overload 2 of 2, '(props: MechanicaInputProps, context?: any): ReactNode', gave the following error.
    Type 'number' is not assignable to type 'string'.
pages/profile.tsx(481,96): error TS2339: Property 'message' does not exist on type 'string'.
pages/profile.tsx(502,23): error TS2769: No overload matches this call.
  Overload 1 of 2, '(props: PropsWithChildren<MechanicaButtonProps>, context?: unknown): ReactElement<PropsWithChildren<MechanicaButtonProps>, ComponentType<...>> | null', gave the following error.
    Type '{ children: string | Element; variant: "mechanical"; size: "lg"; className: string; type: string; disabled: boolean; }' is not assignable to type 'IntrinsicAttributes & MechanicaButtonProps & { children?: ReactNode; }'.
      Property 'type' does not exist on type 'IntrinsicAttributes & MechanicaButtonProps & { children?: ReactNode; }'.
  Overload 2 of 2, '(props: MechanicaButtonProps, context?: any): ReactNode', gave the following error.
    Type '{ children: string | Element; variant: "mechanical"; size: "lg"; className: string; type: string; disabled: boolean; }' is not assignable to type 'IntrinsicAttributes & MechanicaButtonProps'.
      Property 'type' does not exist on type 'IntrinsicAttributes & MechanicaButtonProps'.
pages/profileForm.tsx(283,29): error TS2769: No overload matches this call.
  Overload 1 of 2, '(props: PropsWithChildren<MechanicaInputProps>, context?: unknown): ReactElement<PropsWithChildren<MechanicaInputProps>, ComponentType<...>> | null', gave the following error.
    Type 'number' is not assignable to type 'string'.
  Overload 2 of 2, '(props: MechanicaInputProps, context?: any): ReactNode', gave the following error.
    Type 'number' is not assignable to type 'string'.
pages/profileForm.tsx(305,29): error TS2769: No overload matches this call.
  Overload 1 of 2, '(props: PropsWithChildren<MechanicaInputProps>, context?: unknown): ReactElement<PropsWithChildren<MechanicaInputProps>, ComponentType<...>> | null', gave the following error.
    Type 'number' is not assignable to type 'string'.
  Overload 2 of 2, '(props: MechanicaInputProps, context?: any): ReactNode', gave the following error.
    Type 'number' is not assignable to type 'string'.
pages/profileForm.tsx(349,23): error TS2769: No overload matches this call.
  Overload 1 of 2, '(props: PropsWithChildren<MechanicaButtonProps>, context?: unknown): ReactElement<PropsWithChildren<MechanicaButtonProps>, ComponentType<...>> | null', gave the following error.
    Type '{ children: string | Element; variant: "primary"; size: "lg"; className: string; type: string; disabled: boolean; }' is not assignable to type 'IntrinsicAttributes & MechanicaButtonProps & { children?: ReactNode; }'.
      Property 'type' does not exist on type 'IntrinsicAttributes & MechanicaButtonProps & { children?: ReactNode; }'.
  Overload 2 of 2, '(props: MechanicaButtonProps, context?: any): ReactNode', gave the following error.
    Type '{ children: string | Element; variant: "primary"; size: "lg"; className: string; type: string; disabled: boolean; }' is not assignable to type 'IntrinsicAttributes & MechanicaButtonProps'.
      Property 'type' does not exist on type 'IntrinsicAttributes & MechanicaButtonProps'.
pages/risk-assessment.tsx(142,19): error TS2739: Type 'RiskData' is missing the following properties from type '{ risk_score: number; risk_label: string; recommended_allocation: Record<string, number>; }': risk_score, risk_label, recommended_allocation
pages/tools.tsx(214,31): error TS2322: Type 'string | undefined' is not assignable to type 'Url'.
  Type 'undefined' is not assignable to type 'Url'.
playwright.config.ts(1,39): error TS2307: Cannot find module '@playwright/test' or its corresponding type declarations.
